Analysis & Synthesis report for dec_7s_auto_cnt
Fri Apr 12 20:48:43 2024
Quartus Prime Version 23.1std.0 Build 991 11/28/2023 SC Lite Edition


---------------------
; Table of Contents ;
---------------------
  1. Legal Notice
  2. Analysis & Synthesis Summary
  3. Analysis & Synthesis Settings
  4. Parallel Compilation
  5. Analysis & Synthesis Source Files Read
  6. Analysis & Synthesis Resource Usage Summary
  7. Analysis & Synthesis Resource Utilization by Entity
  8. General Register Statistics
  9. Parameter Settings for User Entity Instance: cnt_auto:cnt|lpm_counter:LPM_COUNTER_component
 10. Parameter Settings for User Entity Instance: cnt_1s:cnt1|lpm_counter:LPM_COUNTER_component
 11. Port Connectivity Checks: "cnt_auto:cnt"
 12. Analysis & Synthesis Messages



----------------
; Legal Notice ;
----------------
Copyright (C) 2023  Intel Corporation. All rights reserved.
Your use of Intel Corporation's design tools, logic functions 
and other software and tools, and any partner logic 
functions, and any output files from any of the foregoing 
(including device programming or simulation files), and any 
associated documentation or information are expressly subject 
to the terms and conditions of the Intel Program License 
Subscription Agreement, the Intel Quartus Prime License Agreement,
the Intel FPGA IP License Agreement, or other applicable license
agreement, including, without limitation, that your use is for
the sole purpose of programming logic devices manufactured by
Intel and sold by Intel or its authorized distributors.  Please
refer to the applicable agreement for further details, at
https://fpgasoftware.intel.com/eula.



+------------------------------------------------------------------------------+
; Analysis & Synthesis Summary                                                 ;
+-----------------------------+------------------------------------------------+
; Analysis & Synthesis Status ; Successful - Fri Apr 12 20:48:43 2024          ;
; Quartus Prime Version       ; 23.1std.0 Build 991 11/28/2023 SC Lite Edition ;
; Revision Name               ; dec_7s_auto_cnt                                ;
; Top-level Entity Name       ; dec_7s_auto_cnt                                ;
; Family                      ; MAX II                                         ;
; Total logic elements        ; 48                                             ;
; Total pins                  ; 9                                              ;
; Total virtual pins          ; 0                                              ;
; UFM blocks                  ; 0 / 1 ( 0 % )                                  ;
+-----------------------------+------------------------------------------------+


+------------------------------------------------------------------------------------------------------------+
; Analysis & Synthesis Settings                                                                              ;
+------------------------------------------------------------------+--------------------+--------------------+
; Option                                                           ; Setting            ; Default Value      ;
+------------------------------------------------------------------+--------------------+--------------------+
; Device                                                           ; EPM240T100C5       ;                    ;
; Top-level entity name                                            ; dec_7s_auto_cnt    ; dec_7s_auto_cnt    ;
; Family name                                                      ; MAX II             ; Cyclone V          ;
; Maximum processors allowed for parallel compilation              ; All                ;                    ;
; Use smart compilation                                            ; Off                ; Off                ;
; Enable parallel Assembler and Timing Analyzer during compilation ; On                 ; On                 ;
; Enable compact report table                                      ; Off                ; Off                ;
; Restructure Multiplexers                                         ; Auto               ; Auto               ;
; Create Debugging Nodes for IP Cores                              ; Off                ; Off                ;
; Preserve fewer node names                                        ; On                 ; On                 ;
; Intel FPGA IP Evaluation Mode                                    ; Enable             ; Enable             ;
; Verilog Version                                                  ; Verilog_2001       ; Verilog_2001       ;
; VHDL Version                                                     ; VHDL_1993          ; VHDL_1993          ;
; State Machine Processing                                         ; Auto               ; Auto               ;
; Safe State Machine                                               ; Off                ; Off                ;
; Extract Verilog State Machines                                   ; On                 ; On                 ;
; Extract VHDL State Machines                                      ; On                 ; On                 ;
; Ignore Verilog initial constructs                                ; Off                ; Off                ;
; Iteration limit for constant Verilog loops                       ; 5000               ; 5000               ;
; Iteration limit for non-constant Verilog loops                   ; 250                ; 250                ;
; Add Pass-Through Logic to Inferred RAMs                          ; On                 ; On                 ;
; Infer RAMs from Raw Logic                                        ; On                 ; On                 ;
; Parallel Synthesis                                               ; On                 ; On                 ;
; NOT Gate Push-Back                                               ; On                 ; On                 ;
; Power-Up Don't Care                                              ; On                 ; On                 ;
; Remove Redundant Logic Cells                                     ; Off                ; Off                ;
; Remove Duplicate Registers                                       ; On                 ; On                 ;
; Ignore CARRY Buffers                                             ; Off                ; Off                ;
; Ignore CASCADE Buffers                                           ; Off                ; Off                ;
; Ignore GLOBAL Buffers                                            ; Off                ; Off                ;
; Ignore ROW GLOBAL Buffers                                        ; Off                ; Off                ;
; Ignore LCELL Buffers                                             ; Off                ; Off                ;
; Ignore SOFT Buffers                                              ; On                 ; On                 ;
; Limit AHDL Integers to 32 Bits                                   ; Off                ; Off                ;
; Optimization Technique                                           ; Balanced           ; Balanced           ;
; Carry Chain Length                                               ; 70                 ; 70                 ;
; Auto Carry Chains                                                ; On                 ; On                 ;
; Auto Open-Drain Pins                                             ; On                 ; On                 ;
; Perform WYSIWYG Primitive Resynthesis                            ; Off                ; Off                ;
; Auto Shift Register Replacement                                  ; Auto               ; Auto               ;
; Allow Shift Register Merging across Hierarchies                  ; Auto               ; Auto               ;
; Auto Clock Enable Replacement                                    ; On                 ; On                 ;
; Allow Synchronous Control Signals                                ; On                 ; On                 ;
; Force Use of Synchronous Clear Signals                           ; Off                ; Off                ;
; Auto Resource Sharing                                            ; Off                ; Off                ;
; Use LogicLock Constraints during Resource Balancing              ; On                 ; On                 ;
; Ignore translate_off and synthesis_off directives                ; Off                ; Off                ;
; Report Parameter Settings                                        ; On                 ; On                 ;
; Report Source Assignments                                        ; On                 ; On                 ;
; Report Connectivity Checks                                       ; On                 ; On                 ;
; Ignore Maximum Fan-Out Assignments                               ; Off                ; Off                ;
; Synchronization Register Chain Length                            ; 2                  ; 2                  ;
; Power Optimization During Synthesis                              ; Normal compilation ; Normal compilation ;
; HDL message level                                                ; Level2             ; Level2             ;
; Suppress Register Optimization Related Messages                  ; Off                ; Off                ;
; Number of Removed Registers Reported in Synthesis Report         ; 5000               ; 5000               ;
; Number of Swept Nodes Reported in Synthesis Report               ; 5000               ; 5000               ;
; Number of Inverted Registers Reported in Synthesis Report        ; 100                ; 100                ;
; Clock MUX Protection                                             ; On                 ; On                 ;
; Block Design Naming                                              ; Auto               ; Auto               ;
; Synthesis Effort                                                 ; Auto               ; Auto               ;
; Shift Register Replacement - Allow Asynchronous Clear Signal     ; On                 ; On                 ;
; Analysis & Synthesis Message Level                               ; Medium             ; Medium             ;
; Disable Register Merging Across Hierarchies                      ; Auto               ; Auto               ;
+------------------------------------------------------------------+--------------------+--------------------+


+------------------------------------------+
; Parallel Compilation                     ;
+----------------------------+-------------+
; Processors                 ; Number      ;
+----------------------------+-------------+
; Number detected on machine ; 4           ;
; Maximum allowed            ; 2           ;
;                            ;             ;
; Average used               ; 1.00        ;
; Maximum used               ; 1           ;
;                            ;             ;
; Usage by Processor         ; % Time Used ;
;     Processor 1            ; 100.0%      ;
+----------------------------+-------------+


+---------------------------------------------------------------------------------------------------------------------------------------------------------------------------------+
; Analysis & Synthesis Source Files Read                                                                                                                                          ;
+----------------------------------+-----------------+------------------------------+-----------------------------------------------------------------------------------+---------+
; File Name with User-Entered Path ; Used in Netlist ; File Type                    ; File Name with Absolute Path                                                      ; Library ;
+----------------------------------+-----------------+------------------------------+-----------------------------------------------------------------------------------+---------+
; cnt_1s.vhd                       ; yes             ; User Wizard-Generated File   ; C:/Users/revox/Desktop/pratica3/ex_03/cnt_1s.vhd                                  ;         ;
; cnt_auto.vhd                     ; yes             ; User Wizard-Generated File   ; C:/Users/revox/Desktop/pratica3/ex_03/cnt_auto.vhd                                ;         ;
; dec_7s_auto_cnt.vhd              ; yes             ; User VHDL File               ; C:/Users/revox/Desktop/pratica3/ex_03/dec_7s_auto_cnt.vhd                         ;         ;
; lpm_counter.tdf                  ; yes             ; Megafunction                 ; c:/intelfpga_lite/23.1std/quartus/libraries/megafunctions/lpm_counter.tdf         ;         ;
; lpm_constant.inc                 ; yes             ; Megafunction                 ; c:/intelfpga_lite/23.1std/quartus/libraries/megafunctions/lpm_constant.inc        ;         ;
; lpm_decode.inc                   ; yes             ; Megafunction                 ; c:/intelfpga_lite/23.1std/quartus/libraries/megafunctions/lpm_decode.inc          ;         ;
; lpm_add_sub.inc                  ; yes             ; Megafunction                 ; c:/intelfpga_lite/23.1std/quartus/libraries/megafunctions/lpm_add_sub.inc         ;         ;
; cmpconst.inc                     ; yes             ; Megafunction                 ; c:/intelfpga_lite/23.1std/quartus/libraries/megafunctions/cmpconst.inc            ;         ;
; lpm_compare.inc                  ; yes             ; Megafunction                 ; c:/intelfpga_lite/23.1std/quartus/libraries/megafunctions/lpm_compare.inc         ;         ;
; lpm_counter.inc                  ; yes             ; Megafunction                 ; c:/intelfpga_lite/23.1std/quartus/libraries/megafunctions/lpm_counter.inc         ;         ;
; dffeea.inc                       ; yes             ; Megafunction                 ; c:/intelfpga_lite/23.1std/quartus/libraries/megafunctions/dffeea.inc              ;         ;
; alt_counter_stratix.inc          ; yes             ; Megafunction                 ; c:/intelfpga_lite/23.1std/quartus/libraries/megafunctions/alt_counter_stratix.inc ;         ;
; aglobal231.inc                   ; yes             ; Megafunction                 ; c:/intelfpga_lite/23.1std/quartus/libraries/megafunctions/aglobal231.inc          ;         ;
; db/cntr_lqj.tdf                  ; yes             ; Auto-Generated Megafunction  ; C:/Users/revox/Desktop/pratica3/ex_03/db/cntr_lqj.tdf                             ;         ;
; db/cmpr_l0c.tdf                  ; yes             ; Auto-Generated Megafunction  ; C:/Users/revox/Desktop/pratica3/ex_03/db/cmpr_l0c.tdf                             ;         ;
; db/cntr_jlh.tdf                  ; yes             ; Auto-Generated Megafunction  ; C:/Users/revox/Desktop/pratica3/ex_03/db/cntr_jlh.tdf                             ;         ;
+----------------------------------+-----------------+------------------------------+-----------------------------------------------------------------------------------+---------+


+--------------------------------------------------------------------------------------------------------------------------------------+
; Analysis & Synthesis Resource Usage Summary                                                                                          ;
+---------------------------------------------+----------------------------------------------------------------------------------------+
; Resource                                    ; Usage                                                                                  ;
+---------------------------------------------+----------------------------------------------------------------------------------------+
; Total logic elements                        ; 48                                                                                     ;
;     -- Combinational with no register       ; 18                                                                                     ;
;     -- Register only                        ; 0                                                                                      ;
;     -- Combinational with a register        ; 30                                                                                     ;
;                                             ;                                                                                        ;
; Logic element usage by number of LUT inputs ;                                                                                        ;
;     -- 4 input functions                    ; 15                                                                                     ;
;     -- 3 input functions                    ; 0                                                                                      ;
;     -- 2 input functions                    ; 30                                                                                     ;
;     -- 1 input functions                    ; 2                                                                                      ;
;     -- 0 input functions                    ; 1                                                                                      ;
;                                             ;                                                                                        ;
; Logic elements by mode                      ;                                                                                        ;
;     -- normal mode                          ; 19                                                                                     ;
;     -- arithmetic mode                      ; 29                                                                                     ;
;     -- qfbk mode                            ; 0                                                                                      ;
;     -- register cascade mode                ; 0                                                                                      ;
;     -- synchronous clear/load mode          ; 26                                                                                     ;
;     -- asynchronous clear/load mode         ; 30                                                                                     ;
;                                             ;                                                                                        ;
; Total registers                             ; 30                                                                                     ;
; Total logic cells in carry chains           ; 31                                                                                     ;
; I/O pins                                    ; 9                                                                                      ;
; Maximum fan-out node                        ; cnt_auto:cnt|lpm_counter:LPM_COUNTER_component|cntr_lqj:auto_generated|modulus_trigger ;
; Maximum fan-out                             ; 30                                                                                     ;
; Total fan-out                               ; 241                                                                                    ;
; Average fan-out                             ; 4.23                                                                                   ;
+---------------------------------------------+----------------------------------------------------------------------------------------+


+------------------------------------------------------------------------------------------------------------------------------------------------------------------------------------------------------------------------------------------------------------------------------------------------------------------------------------------+
; Analysis & Synthesis Resource Utilization by Entity                                                                                                                                                                                                                                                                                      ;
+-------------------------------------------+-------------+--------------+------------+------+--------------+--------------+-------------------+------------------+-----------------+------------+--------------------------------------------------------------------------------------------------------+-----------------+--------------+
; Compilation Hierarchy Node                ; Logic Cells ; LC Registers ; UFM Blocks ; Pins ; Virtual Pins ; LUT-Only LCs ; Register-Only LCs ; LUT/Register LCs ; Carry Chain LCs ; Packed LCs ; Full Hierarchy Name                                                                                    ; Entity Name     ; Library Name ;
+-------------------------------------------+-------------+--------------+------------+------+--------------+--------------+-------------------+------------------+-----------------+------------+--------------------------------------------------------------------------------------------------------+-----------------+--------------+
; |dec_7s_auto_cnt                          ; 48 (8)      ; 30           ; 0          ; 9    ; 0            ; 18 (8)       ; 0 (0)             ; 30 (0)           ; 31 (0)          ; 0 (0)      ; |dec_7s_auto_cnt                                                                                       ; dec_7s_auto_cnt ; work         ;
;    |cnt_1s:cnt1|                          ; 4 (0)       ; 4            ; 0          ; 0    ; 0            ; 0 (0)        ; 0 (0)             ; 4 (0)            ; 4 (0)           ; 0 (0)      ; |dec_7s_auto_cnt|cnt_1s:cnt1                                                                           ; cnt_1s          ; work         ;
;       |lpm_counter:LPM_COUNTER_component| ; 4 (0)       ; 4            ; 0          ; 0    ; 0            ; 0 (0)        ; 0 (0)             ; 4 (0)            ; 4 (0)           ; 0 (0)      ; |dec_7s_auto_cnt|cnt_1s:cnt1|lpm_counter:LPM_COUNTER_component                                         ; lpm_counter     ; work         ;
;          |cntr_jlh:auto_generated|        ; 4 (4)       ; 4            ; 0          ; 0    ; 0            ; 0 (0)        ; 0 (0)             ; 4 (4)            ; 4 (4)           ; 0 (0)      ; |dec_7s_auto_cnt|cnt_1s:cnt1|lpm_counter:LPM_COUNTER_component|cntr_jlh:auto_generated                 ; cntr_jlh        ; work         ;
;    |cnt_auto:cnt|                         ; 36 (0)      ; 26           ; 0          ; 0    ; 0            ; 10 (0)       ; 0 (0)             ; 26 (0)           ; 27 (0)          ; 0 (0)      ; |dec_7s_auto_cnt|cnt_auto:cnt                                                                          ; cnt_auto        ; work         ;
;       |lpm_counter:LPM_COUNTER_component| ; 36 (0)      ; 26           ; 0          ; 0    ; 0            ; 10 (0)       ; 0 (0)             ; 26 (0)           ; 27 (0)          ; 0 (0)      ; |dec_7s_auto_cnt|cnt_auto:cnt|lpm_counter:LPM_COUNTER_component                                        ; lpm_counter     ; work         ;
;          |cntr_lqj:auto_generated|        ; 36 (27)     ; 26           ; 0          ; 0    ; 0            ; 10 (1)       ; 0 (0)             ; 26 (26)          ; 27 (27)         ; 0 (0)      ; |dec_7s_auto_cnt|cnt_auto:cnt|lpm_counter:LPM_COUNTER_component|cntr_lqj:auto_generated                ; cntr_lqj        ; work         ;
;             |cmpr_l0c:cmpr1|              ; 9 (9)       ; 0            ; 0          ; 0    ; 0            ; 9 (9)        ; 0 (0)             ; 0 (0)            ; 0 (0)           ; 0 (0)      ; |dec_7s_auto_cnt|cnt_auto:cnt|lpm_counter:LPM_COUNTER_component|cntr_lqj:auto_generated|cmpr_l0c:cmpr1 ; cmpr_l0c        ; work         ;
+-------------------------------------------+-------------+--------------+------------+------+--------------+--------------+-------------------+------------------+-----------------+------------+--------------------------------------------------------------------------------------------------------+-----------------+--------------+
Note: For table entries with two numbers listed, the numbers in parentheses indicate the number of resources of the given type used by the specific entity alone. The numbers listed outside of parentheses indicate the total resources of the given type used by the specific entity and all of its sub-entities in the hierarchy.


+------------------------------------------------------+
; General Register Statistics                          ;
+----------------------------------------------+-------+
; Statistic                                    ; Value ;
+----------------------------------------------+-------+
; Total registers                              ; 30    ;
; Number of registers using Synchronous Clear  ; 0     ;
; Number of registers using Synchronous Load   ; 26    ;
; Number of registers using Asynchronous Clear ; 30    ;
; Number of registers using Asynchronous Load  ; 0     ;
; Number of registers using Clock Enable       ; 0     ;
; Number of registers using Preset             ; 0     ;
+----------------------------------------------+-------+


+---------------------------------------------------------------------------------------------+
; Parameter Settings for User Entity Instance: cnt_auto:cnt|lpm_counter:LPM_COUNTER_component ;
+------------------------+-------------+------------------------------------------------------+
; Parameter Name         ; Value       ; Type                                                 ;
+------------------------+-------------+------------------------------------------------------+
; AUTO_CARRY_CHAINS      ; ON          ; AUTO_CARRY                                           ;
; IGNORE_CARRY_BUFFERS   ; OFF         ; IGNORE_CARRY                                         ;
; AUTO_CASCADE_CHAINS    ; ON          ; AUTO_CASCADE                                         ;
; IGNORE_CASCADE_BUFFERS ; OFF         ; IGNORE_CASCADE                                       ;
; LPM_WIDTH              ; 26          ; Signed Integer                                       ;
; LPM_DIRECTION          ; UP          ; Untyped                                              ;
; LPM_MODULUS            ; 50000000    ; Signed Integer                                       ;
; LPM_AVALUE             ; UNUSED      ; Untyped                                              ;
; LPM_SVALUE             ; UNUSED      ; Untyped                                              ;
; LPM_PORT_UPDOWN        ; PORT_UNUSED ; Untyped                                              ;
; DEVICE_FAMILY          ; MAX II      ; Untyped                                              ;
; CARRY_CHAIN            ; MANUAL      ; Untyped                                              ;
; CARRY_CHAIN_LENGTH     ; 48          ; CARRY_CHAIN_LENGTH                                   ;
; NOT_GATE_PUSH_BACK     ; ON          ; NOT_GATE_PUSH_BACK                                   ;
; CARRY_CNT_EN           ; SMART       ; Untyped                                              ;
; LABWIDE_SCLR           ; ON          ; Untyped                                              ;
; USE_NEW_VERSION        ; TRUE        ; Untyped                                              ;
; CBXI_PARAMETER         ; cntr_lqj    ; Untyped                                              ;
+------------------------+-------------+------------------------------------------------------+
Note: In order to hide this table in the UI and the text report file, please set the "Show Parameter Settings in Synthesis Report" option in "Analysis and Synthesis Settings -> More Settings" to "Off".


+--------------------------------------------------------------------------------------------+
; Parameter Settings for User Entity Instance: cnt_1s:cnt1|lpm_counter:LPM_COUNTER_component ;
+------------------------+-------------+-----------------------------------------------------+
; Parameter Name         ; Value       ; Type                                                ;
+------------------------+-------------+-----------------------------------------------------+
; AUTO_CARRY_CHAINS      ; ON          ; AUTO_CARRY                                          ;
; IGNORE_CARRY_BUFFERS   ; OFF         ; IGNORE_CARRY                                        ;
; AUTO_CASCADE_CHAINS    ; ON          ; AUTO_CASCADE                                        ;
; IGNORE_CASCADE_BUFFERS ; OFF         ; IGNORE_CASCADE                                      ;
; LPM_WIDTH              ; 4           ; Signed Integer                                      ;
; LPM_DIRECTION          ; UP          ; Untyped                                             ;
; LPM_MODULUS            ; 0           ; Untyped                                             ;
; LPM_AVALUE             ; UNUSED      ; Untyped                                             ;
; LPM_SVALUE             ; UNUSED      ; Untyped                                             ;
; LPM_PORT_UPDOWN        ; PORT_UNUSED ; Untyped                                             ;
; DEVICE_FAMILY          ; MAX II      ; Untyped                                             ;
; CARRY_CHAIN            ; MANUAL      ; Untyped                                             ;
; CARRY_CHAIN_LENGTH     ; 48          ; CARRY_CHAIN_LENGTH                                  ;
; NOT_GATE_PUSH_BACK     ; ON          ; NOT_GATE_PUSH_BACK                                  ;
; CARRY_CNT_EN           ; SMART       ; Untyped                                             ;
; LABWIDE_SCLR           ; ON          ; Untyped                                             ;
; USE_NEW_VERSION        ; TRUE        ; Untyped                                             ;
; CBXI_PARAMETER         ; cntr_jlh    ; Untyped                                             ;
+------------------------+-------------+-----------------------------------------------------+
Note: In order to hide this table in the UI and the text report file, please set the "Show Parameter Settings in Synthesis Report" option in "Analysis and Synthesis Settings -> More Settings" to "Off".


+-------------------------------------------------------------------------------------------------------------------------------------+
; Port Connectivity Checks: "cnt_auto:cnt"                                                                                            ;
+------+--------+----------+----------------------------------------------------------------------------------------------------------+
; Port ; Type   ; Severity ; Details                                                                                                  ;
+------+--------+----------+----------------------------------------------------------------------------------------------------------+
; q    ; Output ; Warning  ; Declared by entity but not connected by instance. Logic that only feeds a dangling port will be removed. ;
+------+--------+----------+----------------------------------------------------------------------------------------------------------+


+-------------------------------+
; Analysis & Synthesis Messages ;
+-------------------------------+
Info: *******************************************************************
Info: Running Quartus Prime Analysis & Synthesis
    Info: Version 23.1std.0 Build 991 11/28/2023 SC Lite Edition
    Info: Processing started: Fri Apr 12 20:48:28 2024
Info: Command: quartus_map --read_settings_files=on --write_settings_files=off dec_7s_auto_cnt -c dec_7s_auto_cnt
Info (20030): Parallel compilation is enabled and will use 2 of the 2 processors detected
Info (12021): Found 2 design units, including 1 entities, in source file cnt_1s.vhd
    Info (12022): Found design unit 1: cnt_1s-SYN File: C:/Users/revox/Desktop/pratica3/ex_03/cnt_1s.vhd Line: 53
    Info (12023): Found entity 1: cnt_1s File: C:/Users/revox/Desktop/pratica3/ex_03/cnt_1s.vhd Line: 43
Info (12021): Found 2 design units, including 1 entities, in source file cnt_auto.vhd
    Info (12022): Found design unit 1: cnt_auto-SYN File: C:/Users/revox/Desktop/pratica3/ex_03/cnt_auto.vhd Line: 54
    Info (12023): Found entity 1: cnt_auto File: C:/Users/revox/Desktop/pratica3/ex_03/cnt_auto.vhd Line: 43
Info (12021): Found 2 design units, including 1 entities, in source file dec_7s_auto_cnt.vhd
    Info (12022): Found design unit 1: dec_7s_auto_cnt-decode File: C:/Users/revox/Desktop/pratica3/ex_03/dec_7s_auto_cnt.vhd Line: 21
    Info (12023): Found entity 1: dec_7s_auto_cnt File: C:/Users/revox/Desktop/pratica3/ex_03/dec_7s_auto_cnt.vhd Line: 4
Info (12127): Elaborating entity "dec_7s_auto_cnt" for the top level hierarchy
Info (12128): Elaborating entity "cnt_auto" for hierarchy "cnt_auto:cnt" File: C:/Users/revox/Desktop/pratica3/ex_03/dec_7s_auto_cnt.vhd Line: 45
Info (12128): Elaborating entity "lpm_counter" for hierarchy "cnt_auto:cnt|lpm_counter:LPM_COUNTER_component" File: C:/Users/revox/Desktop/pratica3/ex_03/cnt_auto.vhd Line: 81
Info (12130): Elaborated megafunction instantiation "cnt_auto:cnt|lpm_counter:LPM_COUNTER_component" File: C:/Users/revox/Desktop/pratica3/ex_03/cnt_auto.vhd Line: 81
Info (12133): Instantiated megafunction "cnt_auto:cnt|lpm_counter:LPM_COUNTER_component" with the following parameter: File: C:/Users/revox/Desktop/pratica3/ex_03/cnt_auto.vhd Line: 81
    Info (12134): Parameter "lpm_direction" = "UP"
    Info (12134): Parameter "lpm_modulus" = "50000000"
    Info (12134): Parameter "lpm_port_updown" = "PORT_UNUSED"
    Info (12134): Parameter "lpm_type" = "LPM_COUNTER"
    Info (12134): Parameter "lpm_width" = "26"
Info (12021): Found 1 design units, including 1 entities, in source file db/cntr_lqj.tdf
    Info (12023): Found entity 1: cntr_lqj File: C:/Users/revox/Desktop/pratica3/ex_03/db/cntr_lqj.tdf Line: 28
Info (12128): Elaborating entity "cntr_lqj" for hierarchy "cnt_auto:cnt|lpm_counter:LPM_COUNTER_component|cntr_lqj:auto_generated" File: c:/intelfpga_lite/23.1std/quartus/libraries/megafunctions/lpm_counter.tdf Line: 259
Info (12021): Found 1 design units, including 1 entities, in source file db/cmpr_l0c.tdf
    Info (12023): Found entity 1: cmpr_l0c File: C:/Users/revox/Desktop/pratica3/ex_03/db/cmpr_l0c.tdf Line: 23
Info (12128): Elaborating entity "cmpr_l0c" for hierarchy "cnt_auto:cnt|lpm_counter:LPM_COUNTER_component|cntr_lqj:auto_generated|cmpr_l0c:cmpr1" File: C:/Users/revox/Desktop/pratica3/ex_03/db/cntr_lqj.tdf Line: 36
Info (12128): Elaborating entity "cnt_1s" for hierarchy "cnt_1s:cnt1" File: C:/Users/revox/Desktop/pratica3/ex_03/dec_7s_auto_cnt.vhd Line: 46
Info (12128): Elaborating entity "lpm_counter" for hierarchy "cnt_1s:cnt1|lpm_counter:LPM_COUNTER_component" File: C:/Users/revox/Desktop/pratica3/ex_03/cnt_1s.vhd Line: 76
Info (12130): Elaborated megafunction instantiation "cnt_1s:cnt1|lpm_counter:LPM_COUNTER_component" File: C:/Users/revox/Desktop/pratica3/ex_03/cnt_1s.vhd Line: 76
Info (12133): Instantiated megafunction "cnt_1s:cnt1|lpm_counter:LPM_COUNTER_component" with the following parameter: File: C:/Users/revox/Desktop/pratica3/ex_03/cnt_1s.vhd Line: 76
    Info (12134): Parameter "lpm_direction" = "UP"
    Info (12134): Parameter "lpm_port_updown" = "PORT_UNUSED"
    Info (12134): Parameter "lpm_type" = "LPM_COUNTER"
    Info (12134): Parameter "lpm_width" = "4"
Info (12021): Found 1 design units, including 1 entities, in source file db/cntr_jlh.tdf
    Info (12023): Found entity 1: cntr_jlh File: C:/Users/revox/Desktop/pratica3/ex_03/db/cntr_jlh.tdf Line: 26
Info (12128): Elaborating entity "cntr_jlh" for hierarchy "cnt_1s:cnt1|lpm_counter:LPM_COUNTER_component|cntr_jlh:auto_generated" File: c:/intelfpga_lite/23.1std/quartus/libraries/megafunctions/lpm_counter.tdf Line: 259
Warning (12241): 1 hierarchies have connectivity warnings - see the Connectivity Checks report folder
Info (21057): Implemented 57 device resources after synthesis - the final resource count might be different
    Info (21058): Implemented 2 input pins
    Info (21059): Implemented 7 output pins
    Info (21061): Implemented 48 logic cells
Info: Quartus Prime Analysis & Synthesis was successful. 0 errors, 1 warning
    Info: Peak virtual memory: 4778 megabytes
    Info: Processing ended: Fri Apr 12 20:48:43 2024
    Info: Elapsed time: 00:00:15
    Info: Total CPU time (on all processors): 00:00:22


